// Jest Snapshot v1, https://goo.gl/fbAQLP

exports[`<SocialShare /> renders  <SocialShare /> components 1`] = `
ShallowWrapper {
  Symbol(enzyme.__root__): [Circular],
  Symbol(enzyme.__unrendered__): <SocialShare
    location=""
    store={
        Object {
            "dispatch": [Function],
            "getState": [Function],
            "replaceReducer": [Function],
            "subscribe": [Function],
            Symbol(observable): [Function],
          }
    }
/>,
  Symbol(enzyme.__renderer__): Object {
    "batchedUpdates": [Function],
    "getNode": [Function],
    "render": [Function],
    "simulateError": [Function],
    "simulateEvent": [Function],
    "unmount": [Function],
  },
  Symbol(enzyme.__node__): Object {
    "instance": null,
    "key": undefined,
    "nodeType": "function",
    "props": Object {
      "children": Array [
        <div
          className="social__icon p-b--20"
>
          <CreatedButton
                    className="social--share"
                    title={undefined}
                    url="http://ah-jarvis-frontend.herokuapp.com/article/undefined"
                    windowHeight={600}
                    windowWidth={750}
          >
                    <Icon
                              className=""
                              iconBgStyle={Object {}}
                              logoFillColor="white"
                              round={true}
                              size={32}
                    />
          </CreatedButton>
</div>,
        <div
          className="social__icon p-b--20"
>
          <CreatedButton
                    className="social--share"
                    title={undefined}
                    url="http://ah-jarvis-frontend.herokuapp.com/article/undefined"
                    windowHeight={600}
                    windowWidth={750}
          >
                    <Icon
                              className=""
                              iconBgStyle={Object {}}
                              logoFillColor="white"
                              round={true}
                              size={32}
                    />
          </CreatedButton>
</div>,
        <div
          className="social__icon p-b--20"
>
          <CreatedButton
                    className="social--share"
                    onClick={[Function]}
                    openWindow={false}
                    title={undefined}
                    url="http://ah-jarvis-frontend.herokuapp.com/article/undefined"
                    windowHeight={600}
                    windowWidth={750}
          >
                    <Icon
                              className=""
                              iconBgStyle={Object {}}
                              logoFillColor="white"
                              round={true}
                              size={32}
                    />
          </CreatedButton>
</div>,
      ],
    },
    "ref": null,
    "rendered": Array [
      Object {
        "instance": null,
        "key": undefined,
        "nodeType": "host",
        "props": Object {
          "children": <CreatedButton
            className="social--share"
            title={undefined}
            url="http://ah-jarvis-frontend.herokuapp.com/article/undefined"
            windowHeight={600}
            windowWidth={750}
>
            <Icon
                        className=""
                        iconBgStyle={Object {}}
                        logoFillColor="white"
                        round={true}
                        size={32}
            />
</CreatedButton>,
          "className": "social__icon p-b--20",
        },
        "ref": null,
        "rendered": Object {
          "instance": null,
          "key": undefined,
          "nodeType": "function",
          "props": Object {
            "children": <Icon
              className=""
              iconBgStyle={Object {}}
              logoFillColor="white"
              round={true}
              size={32}
/>,
            "className": "social--share",
            "title": undefined,
            "url": "http://ah-jarvis-frontend.herokuapp.com/article/undefined",
            "windowHeight": 600,
            "windowWidth": 750,
          },
          "ref": null,
          "rendered": Object {
            "instance": null,
            "key": undefined,
            "nodeType": "function",
            "props": Object {
              "className": "",
              "iconBgStyle": Object {},
              "logoFillColor": "white",
              "round": true,
              "size": 32,
            },
            "ref": null,
            "rendered": null,
            "type": [Function],
          },
          "type": [Function],
        },
        "type": "div",
      },
      Object {
        "instance": null,
        "key": undefined,
        "nodeType": "host",
        "props": Object {
          "children": <CreatedButton
            className="social--share"
            title={undefined}
            url="http://ah-jarvis-frontend.herokuapp.com/article/undefined"
            windowHeight={600}
            windowWidth={750}
>
            <Icon
                        className=""
                        iconBgStyle={Object {}}
                        logoFillColor="white"
                        round={true}
                        size={32}
            />
</CreatedButton>,
          "className": "social__icon p-b--20",
        },
        "ref": null,
        "rendered": Object {
          "instance": null,
          "key": undefined,
          "nodeType": "function",
          "props": Object {
            "children": <Icon
              className=""
              iconBgStyle={Object {}}
              logoFillColor="white"
              round={true}
              size={32}
/>,
            "className": "social--share",
            "title": undefined,
            "url": "http://ah-jarvis-frontend.herokuapp.com/article/undefined",
            "windowHeight": 600,
            "windowWidth": 750,
          },
          "ref": null,
          "rendered": Object {
            "instance": null,
            "key": undefined,
            "nodeType": "function",
            "props": Object {
              "className": "",
              "iconBgStyle": Object {},
              "logoFillColor": "white",
              "round": true,
              "size": 32,
            },
            "ref": null,
            "rendered": null,
            "type": [Function],
          },
          "type": [Function],
        },
        "type": "div",
      },
      Object {
        "instance": null,
        "key": undefined,
        "nodeType": "host",
        "props": Object {
          "children": <CreatedButton
            className="social--share"
            onClick={[Function]}
            openWindow={false}
            title={undefined}
            url="http://ah-jarvis-frontend.herokuapp.com/article/undefined"
            windowHeight={600}
            windowWidth={750}
>
            <Icon
                        className=""
                        iconBgStyle={Object {}}
                        logoFillColor="white"
                        round={true}
                        size={32}
            />
</CreatedButton>,
          "className": "social__icon p-b--20",
        },
        "ref": null,
        "rendered": Object {
          "instance": null,
          "key": undefined,
          "nodeType": "function",
          "props": Object {
            "children": <Icon
              className=""
              iconBgStyle={Object {}}
              logoFillColor="white"
              round={true}
              size={32}
/>,
            "className": "social--share",
            "onClick": [Function],
            "openWindow": false,
            "title": undefined,
            "url": "http://ah-jarvis-frontend.herokuapp.com/article/undefined",
            "windowHeight": 600,
            "windowWidth": 750,
          },
          "ref": null,
          "rendered": Object {
            "instance": null,
            "key": undefined,
            "nodeType": "function",
            "props": Object {
              "className": "",
              "iconBgStyle": Object {},
              "logoFillColor": "white",
              "round": true,
              "size": 32,
            },
            "ref": null,
            "rendered": null,
            "type": [Function],
          },
          "type": [Function],
        },
        "type": "div",
      },
    ],
    "type": Symbol(react.fragment),
  },
  Symbol(enzyme.__nodes__): Array [
    Object {
      "instance": null,
      "key": undefined,
      "nodeType": "function",
      "props": Object {
        "children": Array [
          <div
            className="social__icon p-b--20"
>
            <CreatedButton
                        className="social--share"
                        title={undefined}
                        url="http://ah-jarvis-frontend.herokuapp.com/article/undefined"
                        windowHeight={600}
                        windowWidth={750}
            >
                        <Icon
                                    className=""
                                    iconBgStyle={Object {}}
                                    logoFillColor="white"
                                    round={true}
                                    size={32}
                        />
            </CreatedButton>
</div>,
          <div
            className="social__icon p-b--20"
>
            <CreatedButton
                        className="social--share"
                        title={undefined}
                        url="http://ah-jarvis-frontend.herokuapp.com/article/undefined"
                        windowHeight={600}
                        windowWidth={750}
            >
                        <Icon
                                    className=""
                                    iconBgStyle={Object {}}
                                    logoFillColor="white"
                                    round={true}
                                    size={32}
                        />
            </CreatedButton>
</div>,
          <div
            className="social__icon p-b--20"
>
            <CreatedButton
                        className="social--share"
                        onClick={[Function]}
                        openWindow={false}
                        title={undefined}
                        url="http://ah-jarvis-frontend.herokuapp.com/article/undefined"
                        windowHeight={600}
                        windowWidth={750}
            >
                        <Icon
                                    className=""
                                    iconBgStyle={Object {}}
                                    logoFillColor="white"
                                    round={true}
                                    size={32}
                        />
            </CreatedButton>
</div>,
        ],
      },
      "ref": null,
      "rendered": Array [
        Object {
          "instance": null,
          "key": undefined,
          "nodeType": "host",
          "props": Object {
            "children": <CreatedButton
              className="social--share"
              title={undefined}
              url="http://ah-jarvis-frontend.herokuapp.com/article/undefined"
              windowHeight={600}
              windowWidth={750}
>
              <Icon
                            className=""
                            iconBgStyle={Object {}}
                            logoFillColor="white"
                            round={true}
                            size={32}
              />
</CreatedButton>,
            "className": "social__icon p-b--20",
          },
          "ref": null,
          "rendered": Object {
            "instance": null,
            "key": undefined,
            "nodeType": "function",
            "props": Object {
              "children": <Icon
                className=""
                iconBgStyle={Object {}}
                logoFillColor="white"
                round={true}
                size={32}
/>,
              "className": "social--share",
              "title": undefined,
              "url": "http://ah-jarvis-frontend.herokuapp.com/article/undefined",
              "windowHeight": 600,
              "windowWidth": 750,
            },
            "ref": null,
            "rendered": Object {
              "instance": null,
              "key": undefined,
              "nodeType": "function",
              "props": Object {
                "className": "",
                "iconBgStyle": Object {},
                "logoFillColor": "white",
                "round": true,
                "size": 32,
              },
              "ref": null,
              "rendered": null,
              "type": [Function],
            },
            "type": [Function],
          },
          "type": "div",
        },
        Object {
          "instance": null,
          "key": undefined,
          "nodeType": "host",
          "props": Object {
            "children": <CreatedButton
              className="social--share"
              title={undefined}
              url="http://ah-jarvis-frontend.herokuapp.com/article/undefined"
              windowHeight={600}
              windowWidth={750}
>
              <Icon
                            className=""
                            iconBgStyle={Object {}}
                            logoFillColor="white"
                            round={true}
                            size={32}
              />
</CreatedButton>,
            "className": "social__icon p-b--20",
          },
          "ref": null,
          "rendered": Object {
            "instance": null,
            "key": undefined,
            "nodeType": "function",
            "props": Object {
              "children": <Icon
                className=""
                iconBgStyle={Object {}}
                logoFillColor="white"
                round={true}
                size={32}
/>,
              "className": "social--share",
              "title": undefined,
              "url": "http://ah-jarvis-frontend.herokuapp.com/article/undefined",
              "windowHeight": 600,
              "windowWidth": 750,
            },
            "ref": null,
            "rendered": Object {
              "instance": null,
              "key": undefined,
              "nodeType": "function",
              "props": Object {
                "className": "",
                "iconBgStyle": Object {},
                "logoFillColor": "white",
                "round": true,
                "size": 32,
              },
              "ref": null,
              "rendered": null,
              "type": [Function],
            },
            "type": [Function],
          },
          "type": "div",
        },
        Object {
          "instance": null,
          "key": undefined,
          "nodeType": "host",
          "props": Object {
            "children": <CreatedButton
              className="social--share"
              onClick={[Function]}
              openWindow={false}
              title={undefined}
              url="http://ah-jarvis-frontend.herokuapp.com/article/undefined"
              windowHeight={600}
              windowWidth={750}
>
              <Icon
                            className=""
                            iconBgStyle={Object {}}
                            logoFillColor="white"
                            round={true}
                            size={32}
              />
</CreatedButton>,
            "className": "social__icon p-b--20",
          },
          "ref": null,
          "rendered": Object {
            "instance": null,
            "key": undefined,
            "nodeType": "function",
            "props": Object {
              "children": <Icon
                className=""
                iconBgStyle={Object {}}
                logoFillColor="white"
                round={true}
                size={32}
/>,
              "className": "social--share",
              "onClick": [Function],
              "openWindow": false,
              "title": undefined,
              "url": "http://ah-jarvis-frontend.herokuapp.com/article/undefined",
              "windowHeight": 600,
              "windowWidth": 750,
            },
            "ref": null,
            "rendered": Object {
              "instance": null,
              "key": undefined,
              "nodeType": "function",
              "props": Object {
                "className": "",
                "iconBgStyle": Object {},
                "logoFillColor": "white",
                "round": true,
                "size": 32,
              },
              "ref": null,
              "rendered": null,
              "type": [Function],
            },
            "type": [Function],
          },
          "type": "div",
        },
      ],
      "type": Symbol(react.fragment),
    },
  ],
  Symbol(enzyme.__options__): Object {
    "adapter": ReactSixteenAdapter {
      "options": Object {
        "enableComponentDidUpdateOnSetState": true,
        "lifecycles": Object {
          "componentDidUpdate": Object {
            "onSetState": true,
          },
          "getDerivedStateFromProps": true,
          "getSnapshotBeforeUpdate": true,
          "setState": Object {
            "skipsComponentDidUpdateOnNullish": true,
          },
        },
      },
    },
    "attachTo": undefined,
    "hydrateIn": undefined,
  },
}
`;
