// Jest Snapshot v1, https://goo.gl/fbAQLP

exports[`SignUp Button renders SignUp button 1`] = `
ShallowWrapper {
  Symbol(enzyme.__root__): [Circular],
  Symbol(enzyme.__unrendered__): <SignUpButton
    disabled={false}
    onClick={[Function]}
/>,
  Symbol(enzyme.__renderer__): Object {
    "batchedUpdates": [Function],
    "getNode": [Function],
    "render": [Function],
    "simulateEvent": [Function],
    "unmount": [Function],
  },
  Symbol(enzyme.__node__): Object {
    "instance": null,
    "key": undefined,
    "nodeType": "host",
    "props": Object {
      "children": "Sign up",
      "className": "btn waves-effect waves-light btn--block",
      "disabled": false,
      "id": "signup_button",
      "name": "action",
      "onClick": [Function],
      "type": "submit",
    },
    "ref": null,
    "rendered": "Sign up",
    "type": "button",
  },
  Symbol(enzyme.__nodes__): Array [
    Object {
      "instance": null,
      "key": undefined,
      "nodeType": "host",
      "props": Object {
        "children": "Sign up",
        "className": "btn waves-effect waves-light btn--block",
        "disabled": false,
        "id": "signup_button",
        "name": "action",
        "onClick": [Function],
        "type": "submit",
      },
      "ref": null,
      "rendered": "Sign up",
      "type": "button",
    },
  ],
  Symbol(enzyme.__options__): Object {
    "adapter": ReactSixteenAdapter {
      "options": Object {
        "enableComponentDidUpdateOnSetState": true,
        "lifecycles": Object {
          "componentDidUpdate": Object {
            "onSetState": true,
          },
          "getDerivedStateFromProps": true,
          "getSnapshotBeforeUpdate": true,
          "setState": Object {
            "skipsComponentDidUpdateOnNullish": true,
          },
        },
      },
    },
    "attachTo": undefined,
    "hydrateIn": undefined,
  },
}
`;
