// Jest Snapshot v1, https://goo.gl/fbAQLP

exports[`<ArticleLoader /> renders  <ArticleLoader /> components 1`] = `
ShallowWrapper {
  Symbol(enzyme.__root__): [Circular],
  Symbol(enzyme.__unrendered__): <Unknown />,
  Symbol(enzyme.__renderer__): Object {
    "batchedUpdates": [Function],
    "getNode": [Function],
    "render": [Function],
    "simulateError": [Function],
    "simulateEvent": [Function],
    "unmount": [Function],
  },
  Symbol(enzyme.__node__): Object {
    "instance": null,
    "key": undefined,
    "nodeType": "host",
    "props": Object {
      "children": <div
        className="preloader-wrapper big active"
>
        <div
                className="spinner-layer spinner-blue-only"
        >
                <div
                        className="circle-clipper left"
                >
                        <div
                                className="circle"
                        />
                </div>
                <div
                        className="gap-patch"
                >
                        <div
                                className="circle"
                        />
                </div>
                <div
                        className="circle-clipper right"
                >
                        <div
                                className="circle"
                        />
                </div>
        </div>
</div>,
      "className": "flex-center",
    },
    "ref": null,
    "rendered": Object {
      "instance": null,
      "key": undefined,
      "nodeType": "host",
      "props": Object {
        "children": <div
          className="spinner-layer spinner-blue-only"
>
          <div
                    className="circle-clipper left"
          >
                    <div
                              className="circle"
                    />
          </div>
          <div
                    className="gap-patch"
          >
                    <div
                              className="circle"
                    />
          </div>
          <div
                    className="circle-clipper right"
          >
                    <div
                              className="circle"
                    />
          </div>
</div>,
        "className": "preloader-wrapper big active",
      },
      "ref": null,
      "rendered": Object {
        "instance": null,
        "key": undefined,
        "nodeType": "host",
        "props": Object {
          "children": Array [
            <div
              className="circle-clipper left"
>
              <div
                            className="circle"
              />
</div>,
            <div
              className="gap-patch"
>
              <div
                            className="circle"
              />
</div>,
            <div
              className="circle-clipper right"
>
              <div
                            className="circle"
              />
</div>,
          ],
          "className": "spinner-layer spinner-blue-only",
        },
        "ref": null,
        "rendered": Array [
          Object {
            "instance": null,
            "key": undefined,
            "nodeType": "host",
            "props": Object {
              "children": <div
                className="circle"
/>,
              "className": "circle-clipper left",
            },
            "ref": null,
            "rendered": Object {
              "instance": null,
              "key": undefined,
              "nodeType": "host",
              "props": Object {
                "className": "circle",
              },
              "ref": null,
              "rendered": null,
              "type": "div",
            },
            "type": "div",
          },
          Object {
            "instance": null,
            "key": undefined,
            "nodeType": "host",
            "props": Object {
              "children": <div
                className="circle"
/>,
              "className": "gap-patch",
            },
            "ref": null,
            "rendered": Object {
              "instance": null,
              "key": undefined,
              "nodeType": "host",
              "props": Object {
                "className": "circle",
              },
              "ref": null,
              "rendered": null,
              "type": "div",
            },
            "type": "div",
          },
          Object {
            "instance": null,
            "key": undefined,
            "nodeType": "host",
            "props": Object {
              "children": <div
                className="circle"
/>,
              "className": "circle-clipper right",
            },
            "ref": null,
            "rendered": Object {
              "instance": null,
              "key": undefined,
              "nodeType": "host",
              "props": Object {
                "className": "circle",
              },
              "ref": null,
              "rendered": null,
              "type": "div",
            },
            "type": "div",
          },
        ],
        "type": "div",
      },
      "type": "div",
    },
    "type": "div",
  },
  Symbol(enzyme.__nodes__): Array [
    Object {
      "instance": null,
      "key": undefined,
      "nodeType": "host",
      "props": Object {
        "children": <div
          className="preloader-wrapper big active"
>
          <div
                    className="spinner-layer spinner-blue-only"
          >
                    <div
                              className="circle-clipper left"
                    >
                              <div
                                        className="circle"
                              />
                    </div>
                    <div
                              className="gap-patch"
                    >
                              <div
                                        className="circle"
                              />
                    </div>
                    <div
                              className="circle-clipper right"
                    >
                              <div
                                        className="circle"
                              />
                    </div>
          </div>
</div>,
        "className": "flex-center",
      },
      "ref": null,
      "rendered": Object {
        "instance": null,
        "key": undefined,
        "nodeType": "host",
        "props": Object {
          "children": <div
            className="spinner-layer spinner-blue-only"
>
            <div
                        className="circle-clipper left"
            >
                        <div
                                    className="circle"
                        />
            </div>
            <div
                        className="gap-patch"
            >
                        <div
                                    className="circle"
                        />
            </div>
            <div
                        className="circle-clipper right"
            >
                        <div
                                    className="circle"
                        />
            </div>
</div>,
          "className": "preloader-wrapper big active",
        },
        "ref": null,
        "rendered": Object {
          "instance": null,
          "key": undefined,
          "nodeType": "host",
          "props": Object {
            "children": Array [
              <div
                className="circle-clipper left"
>
                <div
                                className="circle"
                />
</div>,
              <div
                className="gap-patch"
>
                <div
                                className="circle"
                />
</div>,
              <div
                className="circle-clipper right"
>
                <div
                                className="circle"
                />
</div>,
            ],
            "className": "spinner-layer spinner-blue-only",
          },
          "ref": null,
          "rendered": Array [
            Object {
              "instance": null,
              "key": undefined,
              "nodeType": "host",
              "props": Object {
                "children": <div
                  className="circle"
/>,
                "className": "circle-clipper left",
              },
              "ref": null,
              "rendered": Object {
                "instance": null,
                "key": undefined,
                "nodeType": "host",
                "props": Object {
                  "className": "circle",
                },
                "ref": null,
                "rendered": null,
                "type": "div",
              },
              "type": "div",
            },
            Object {
              "instance": null,
              "key": undefined,
              "nodeType": "host",
              "props": Object {
                "children": <div
                  className="circle"
/>,
                "className": "gap-patch",
              },
              "ref": null,
              "rendered": Object {
                "instance": null,
                "key": undefined,
                "nodeType": "host",
                "props": Object {
                  "className": "circle",
                },
                "ref": null,
                "rendered": null,
                "type": "div",
              },
              "type": "div",
            },
            Object {
              "instance": null,
              "key": undefined,
              "nodeType": "host",
              "props": Object {
                "children": <div
                  className="circle"
/>,
                "className": "circle-clipper right",
              },
              "ref": null,
              "rendered": Object {
                "instance": null,
                "key": undefined,
                "nodeType": "host",
                "props": Object {
                  "className": "circle",
                },
                "ref": null,
                "rendered": null,
                "type": "div",
              },
              "type": "div",
            },
          ],
          "type": "div",
        },
        "type": "div",
      },
      "type": "div",
    },
  ],
  Symbol(enzyme.__options__): Object {
    "adapter": ReactSixteenAdapter {
      "options": Object {
        "enableComponentDidUpdateOnSetState": true,
        "lifecycles": Object {
          "componentDidUpdate": Object {
            "onSetState": true,
          },
          "getDerivedStateFromProps": true,
          "getSnapshotBeforeUpdate": true,
          "setState": Object {
            "skipsComponentDidUpdateOnNullish": true,
          },
        },
      },
    },
    "attachTo": undefined,
    "hydrateIn": undefined,
  },
}
`;
