// Jest Snapshot v1, https://goo.gl/fbAQLP

exports[`<AuthorDetails /> renders  <AuthorDetails /> components 1`] = `
ShallowWrapper {
  Symbol(enzyme.__root__): [Circular],
  Symbol(enzyme.__unrendered__): <AuthorDetails
    date=""
    small={true}
    user={
        Object {
            "username": "test user",
          }
    }
/>,
  Symbol(enzyme.__renderer__): Object {
    "batchedUpdates": [Function],
    "getNode": [Function],
    "render": [Function],
    "simulateError": [Function],
    "simulateEvent": [Function],
    "unmount": [Function],
  },
  Symbol(enzyme.__node__): Object {
    "instance": null,
    "key": undefined,
    "nodeType": "host",
    "props": Object {
      "children": Array [
        <div
          className="author col m10"
>
          <Link
                    replace={false}
                    to="/"
          >
                    <div
                              className="author__avatar"
                    >
                              <img
                                        alt="test user"
                                        className="responsive-img circle avatar--small"
                                        src={undefined}
                              />
                    </div>
          </Link>
          <div
                    className="author_details author--small"
          >
                    <div
                              className="author__info"
                    >
                              <div
                                        className="author-name"
                              >
                                        <Link
                                                  className="text--small"
                                                  replace={false}
                                                  to="/profile/test user"
                                        >
                                                  Test User
                                        </Link>
                              </div>
                    </div>
                    <div
                              className="article__highlights"
                    >
                              Invalid Date
                              <Unknown>
                                        <span
                                                  className="p-r--5 p-l--5"
                                        >
                                                  .
                                        </span>
                                        undefined min read
                              </Unknown>
                    </div>
          </div>
</div>,
        <div
          className="col m2 right"
>
          <div
                    className="m-t--15"
          >
                    
          </div>
</div>,
      ],
      "className": "row author__panel p-t--20",
    },
    "ref": null,
    "rendered": Array [
      Object {
        "instance": null,
        "key": undefined,
        "nodeType": "host",
        "props": Object {
          "children": Array [
            <Link
              replace={false}
              to="/"
>
              <div
                            className="author__avatar"
              >
                            <img
                                          alt="test user"
                                          className="responsive-img circle avatar--small"
                                          src={undefined}
                            />
              </div>
</Link>,
            <div
              className="author_details author--small"
>
              <div
                            className="author__info"
              >
                            <div
                                          className="author-name"
                            >
                                          <Link
                                                        className="text--small"
                                                        replace={false}
                                                        to="/profile/test user"
                                          >
                                                        Test User
                                          </Link>
                            </div>
              </div>
              <div
                            className="article__highlights"
              >
                            Invalid Date
                            <Unknown>
                                          <span
                                                        className="p-r--5 p-l--5"
                                          >
                                                        .
                                          </span>
                                          undefined min read
                            </Unknown>
              </div>
</div>,
          ],
          "className": "author col m10",
        },
        "ref": null,
        "rendered": Array [
          Object {
            "instance": null,
            "key": undefined,
            "nodeType": "class",
            "props": Object {
              "children": <div
                className="author__avatar"
>
                <img
                                alt="test user"
                                className="responsive-img circle avatar--small"
                                src={undefined}
                />
</div>,
              "replace": false,
              "to": "/",
            },
            "ref": null,
            "rendered": Object {
              "instance": null,
              "key": undefined,
              "nodeType": "host",
              "props": Object {
                "children": <img
                  alt="test user"
                  className="responsive-img circle avatar--small"
                  src={undefined}
/>,
                "className": "author__avatar",
              },
              "ref": null,
              "rendered": Object {
                "instance": null,
                "key": undefined,
                "nodeType": "host",
                "props": Object {
                  "alt": "test user",
                  "className": "responsive-img circle avatar--small",
                  "src": undefined,
                },
                "ref": null,
                "rendered": null,
                "type": "img",
              },
              "type": "div",
            },
            "type": [Function],
          },
          Object {
            "instance": null,
            "key": undefined,
            "nodeType": "host",
            "props": Object {
              "children": Array [
                <div
                  className="author__info"
>
                  <div
                                    className="author-name"
                  >
                                    <Link
                                                      className="text--small"
                                                      replace={false}
                                                      to="/profile/test user"
                                    >
                                                      Test User
                                    </Link>
                  </div>
</div>,
                <div
                  className="article__highlights"
>
                  Invalid Date
                  <Unknown>
                                    <span
                                                      className="p-r--5 p-l--5"
                                    >
                                                      .
                                    </span>
                                    undefined min read
                  </Unknown>
</div>,
              ],
              "className": "author_details author--small",
            },
            "ref": null,
            "rendered": Array [
              Object {
                "instance": null,
                "key": undefined,
                "nodeType": "host",
                "props": Object {
                  "children": Array [
                    <div
                      className="author-name"
>
                      <Link
                                            className="text--small"
                                            replace={false}
                                            to="/profile/test user"
                      >
                                            Test User
                      </Link>
</div>,
                    false,
                  ],
                  "className": "author__info",
                },
                "ref": null,
                "rendered": Array [
                  Object {
                    "instance": null,
                    "key": undefined,
                    "nodeType": "host",
                    "props": Object {
                      "children": <Link
                        className="text--small"
                        replace={false}
                        to="/profile/test user"
>
                        Test User
</Link>,
                      "className": "author-name",
                    },
                    "ref": null,
                    "rendered": Object {
                      "instance": null,
                      "key": undefined,
                      "nodeType": "class",
                      "props": Object {
                        "children": "Test User",
                        "className": "text--small",
                        "replace": false,
                        "to": "/profile/test user",
                      },
                      "ref": null,
                      "rendered": "Test User",
                      "type": [Function],
                    },
                    "type": "div",
                  },
                  false,
                ],
                "type": "div",
              },
              Object {
                "instance": null,
                "key": undefined,
                "nodeType": "host",
                "props": Object {
                  "children": Array [
                    "Invalid Date",
                    <Unknown>
                      <span
                                            className="p-r--5 p-l--5"
                      >
                                            .
                      </span>
                      undefined min read
</Unknown>,
                    false,
                  ],
                  "className": "article__highlights",
                },
                "ref": null,
                "rendered": Array [
                  "Invalid Date",
                  Object {
                    "instance": null,
                    "key": undefined,
                    "nodeType": "function",
                    "props": Object {
                      "children": Array [
                        <span
                          className="p-r--5 p-l--5"
>
                          .
</span>,
                        "undefined min read",
                      ],
                    },
                    "ref": null,
                    "rendered": Array [
                      Object {
                        "instance": null,
                        "key": undefined,
                        "nodeType": "host",
                        "props": Object {
                          "children": ".",
                          "className": "p-r--5 p-l--5",
                        },
                        "ref": null,
                        "rendered": ".",
                        "type": "span",
                      },
                      "undefined min read",
                    ],
                    "type": Symbol(react.fragment),
                  },
                  false,
                ],
                "type": "div",
              },
            ],
            "type": "div",
          },
        ],
        "type": "div",
      },
      Object {
        "instance": null,
        "key": undefined,
        "nodeType": "host",
        "props": Object {
          "children": <div
            className="m-t--15"
>
            
</div>,
          "className": "col m2 right",
        },
        "ref": null,
        "rendered": Object {
          "instance": null,
          "key": undefined,
          "nodeType": "host",
          "props": Object {
            "children": Array [
              null,
              null,
            ],
            "className": "m-t--15",
          },
          "ref": null,
          "rendered": Array [
            null,
            null,
          ],
          "type": "div",
        },
        "type": "div",
      },
    ],
    "type": "div",
  },
  Symbol(enzyme.__nodes__): Array [
    Object {
      "instance": null,
      "key": undefined,
      "nodeType": "host",
      "props": Object {
        "children": Array [
          <div
            className="author col m10"
>
            <Link
                        replace={false}
                        to="/"
            >
                        <div
                                    className="author__avatar"
                        >
                                    <img
                                                alt="test user"
                                                className="responsive-img circle avatar--small"
                                                src={undefined}
                                    />
                        </div>
            </Link>
            <div
                        className="author_details author--small"
            >
                        <div
                                    className="author__info"
                        >
                                    <div
                                                className="author-name"
                                    >
                                                <Link
                                                            className="text--small"
                                                            replace={false}
                                                            to="/profile/test user"
                                                >
                                                            Test User
                                                </Link>
                                    </div>
                        </div>
                        <div
                                    className="article__highlights"
                        >
                                    Invalid Date
                                    <Unknown>
                                                <span
                                                            className="p-r--5 p-l--5"
                                                >
                                                            .
                                                </span>
                                                undefined min read
                                    </Unknown>
                        </div>
            </div>
</div>,
          <div
            className="col m2 right"
>
            <div
                        className="m-t--15"
            >
                        
            </div>
</div>,
        ],
        "className": "row author__panel p-t--20",
      },
      "ref": null,
      "rendered": Array [
        Object {
          "instance": null,
          "key": undefined,
          "nodeType": "host",
          "props": Object {
            "children": Array [
              <Link
                replace={false}
                to="/"
>
                <div
                                className="author__avatar"
                >
                                <img
                                                alt="test user"
                                                className="responsive-img circle avatar--small"
                                                src={undefined}
                                />
                </div>
</Link>,
              <div
                className="author_details author--small"
>
                <div
                                className="author__info"
                >
                                <div
                                                className="author-name"
                                >
                                                <Link
                                                                className="text--small"
                                                                replace={false}
                                                                to="/profile/test user"
                                                >
                                                                Test User
                                                </Link>
                                </div>
                </div>
                <div
                                className="article__highlights"
                >
                                Invalid Date
                                <Unknown>
                                                <span
                                                                className="p-r--5 p-l--5"
                                                >
                                                                .
                                                </span>
                                                undefined min read
                                </Unknown>
                </div>
</div>,
            ],
            "className": "author col m10",
          },
          "ref": null,
          "rendered": Array [
            Object {
              "instance": null,
              "key": undefined,
              "nodeType": "class",
              "props": Object {
                "children": <div
                  className="author__avatar"
>
                  <img
                                    alt="test user"
                                    className="responsive-img circle avatar--small"
                                    src={undefined}
                  />
</div>,
                "replace": false,
                "to": "/",
              },
              "ref": null,
              "rendered": Object {
                "instance": null,
                "key": undefined,
                "nodeType": "host",
                "props": Object {
                  "children": <img
                    alt="test user"
                    className="responsive-img circle avatar--small"
                    src={undefined}
/>,
                  "className": "author__avatar",
                },
                "ref": null,
                "rendered": Object {
                  "instance": null,
                  "key": undefined,
                  "nodeType": "host",
                  "props": Object {
                    "alt": "test user",
                    "className": "responsive-img circle avatar--small",
                    "src": undefined,
                  },
                  "ref": null,
                  "rendered": null,
                  "type": "img",
                },
                "type": "div",
              },
              "type": [Function],
            },
            Object {
              "instance": null,
              "key": undefined,
              "nodeType": "host",
              "props": Object {
                "children": Array [
                  <div
                    className="author__info"
>
                    <div
                                        className="author-name"
                    >
                                        <Link
                                                            className="text--small"
                                                            replace={false}
                                                            to="/profile/test user"
                                        >
                                                            Test User
                                        </Link>
                    </div>
</div>,
                  <div
                    className="article__highlights"
>
                    Invalid Date
                    <Unknown>
                                        <span
                                                            className="p-r--5 p-l--5"
                                        >
                                                            .
                                        </span>
                                        undefined min read
                    </Unknown>
</div>,
                ],
                "className": "author_details author--small",
              },
              "ref": null,
              "rendered": Array [
                Object {
                  "instance": null,
                  "key": undefined,
                  "nodeType": "host",
                  "props": Object {
                    "children": Array [
                      <div
                        className="author-name"
>
                        <Link
                                                className="text--small"
                                                replace={false}
                                                to="/profile/test user"
                        >
                                                Test User
                        </Link>
</div>,
                      false,
                    ],
                    "className": "author__info",
                  },
                  "ref": null,
                  "rendered": Array [
                    Object {
                      "instance": null,
                      "key": undefined,
                      "nodeType": "host",
                      "props": Object {
                        "children": <Link
                          className="text--small"
                          replace={false}
                          to="/profile/test user"
>
                          Test User
</Link>,
                        "className": "author-name",
                      },
                      "ref": null,
                      "rendered": Object {
                        "instance": null,
                        "key": undefined,
                        "nodeType": "class",
                        "props": Object {
                          "children": "Test User",
                          "className": "text--small",
                          "replace": false,
                          "to": "/profile/test user",
                        },
                        "ref": null,
                        "rendered": "Test User",
                        "type": [Function],
                      },
                      "type": "div",
                    },
                    false,
                  ],
                  "type": "div",
                },
                Object {
                  "instance": null,
                  "key": undefined,
                  "nodeType": "host",
                  "props": Object {
                    "children": Array [
                      "Invalid Date",
                      <Unknown>
                        <span
                                                className="p-r--5 p-l--5"
                        >
                                                .
                        </span>
                        undefined min read
</Unknown>,
                      false,
                    ],
                    "className": "article__highlights",
                  },
                  "ref": null,
                  "rendered": Array [
                    "Invalid Date",
                    Object {
                      "instance": null,
                      "key": undefined,
                      "nodeType": "function",
                      "props": Object {
                        "children": Array [
                          <span
                            className="p-r--5 p-l--5"
>
                            .
</span>,
                          "undefined min read",
                        ],
                      },
                      "ref": null,
                      "rendered": Array [
                        Object {
                          "instance": null,
                          "key": undefined,
                          "nodeType": "host",
                          "props": Object {
                            "children": ".",
                            "className": "p-r--5 p-l--5",
                          },
                          "ref": null,
                          "rendered": ".",
                          "type": "span",
                        },
                        "undefined min read",
                      ],
                      "type": Symbol(react.fragment),
                    },
                    false,
                  ],
                  "type": "div",
                },
              ],
              "type": "div",
            },
          ],
          "type": "div",
        },
        Object {
          "instance": null,
          "key": undefined,
          "nodeType": "host",
          "props": Object {
            "children": <div
              className="m-t--15"
>
              
</div>,
            "className": "col m2 right",
          },
          "ref": null,
          "rendered": Object {
            "instance": null,
            "key": undefined,
            "nodeType": "host",
            "props": Object {
              "children": Array [
                null,
                null,
              ],
              "className": "m-t--15",
            },
            "ref": null,
            "rendered": Array [
              null,
              null,
            ],
            "type": "div",
          },
          "type": "div",
        },
      ],
      "type": "div",
    },
  ],
  Symbol(enzyme.__options__): Object {
    "adapter": ReactSixteenAdapter {
      "options": Object {
        "enableComponentDidUpdateOnSetState": true,
        "lifecycles": Object {
          "componentDidUpdate": Object {
            "onSetState": true,
          },
          "getDerivedStateFromProps": true,
          "getSnapshotBeforeUpdate": true,
          "setState": Object {
            "skipsComponentDidUpdateOnNullish": true,
          },
        },
      },
    },
    "attachTo": undefined,
    "hydrateIn": undefined,
  },
}
`;
